00:00 +0: loading C:/Users/USER/Documents/RIDECONNECT SYSTEM APP/Rideconnect-system/test/models/trip_model_test.dart
00:00 +0: C:/Users/USER/Documents/RIDECONNECT SYSTEM APP/Rideconnect-system/test/models/trip_model_test.dart: TripModel Decimal parsing from Laravel parses string decimals correctly
00:00 +1: C:/Users/USER/Documents/RIDECONNECT SYSTEM APP/Rideconnect-system/test/models/trip_model_test.dart: TripModel Decimal parsing from Laravel handles null decimal values
00:00 +2: C:/Users/USER/Documents/RIDECONNECT SYSTEM APP/Rideconnect-system/test/models/trip_model_test.dart: TripModel DateTime parsing parses ISO 8601 dates correctly
00:00 +3: C:/Users/USER/Documents/RIDECONNECT SYSTEM APP/Rideconnect-system/test/models/trip_model_test.dart: TripModel DateTime parsing handles null date values
00:00 +4: C:/Users/USER/Documents/RIDECONNECT SYSTEM APP/Rideconnect-system/test/models/trip_model_test.dart: TripModel isActive computed property returns true for active statuses
00:00 +5: C:/Users/USER/Documents/RIDECONNECT SYSTEM APP/Rideconnect-system/test/models/trip_model_test.dart: TripModel isActive computed property returns false for completed status
00:00 +6: C:/Users/USER/Documents/RIDECONNECT SYSTEM APP/Rideconnect-system/test/models/trip_model_test.dart: TripModel canCancel computed property returns true for requested status
00:00 +7: C:/Users/USER/Documents/RIDECONNECT SYSTEM APP/Rideconnect-system/test/models/trip_model_test.dart: TripModel canCancel computed property returns false for accepted status
00:00 +8: C:/Users/USER/Documents/RIDECONNECT SYSTEM APP/Rideconnect-system/test/models/trip_model_test.dart: TripModel Fare display formatting formats fare as RWF with no decimals
00:00 +9: C:/Users/USER/Documents/RIDECONNECT SYSTEM APP/Rideconnect-system/test/models/trip_model_test.dart: TripModel Transport type icon mapping returns correct icons for transport types
00:00 +10: C:/Users/USER/Documents/RIDECONNECT SYSTEM APP/Rideconnect-system/test/models/trip_model_test.dart: TripModel copyWith creates new instance with updated fields
00:00 +11: C:/Users/USER/Documents/RIDECONNECT SYSTEM APP/Rideconnect-system/test/motor_vehicle_trip_flow_test.dart: parses motor vehicle trip request SEARCHING response
00:00 +12: C:/Users/USER/Documents/RIDECONNECT SYSTEM APP/Rideconnect-system/test/motor_vehicle_trip_flow_test.dart: maps motorcycle lifecycle statuses to progress steps
00:00 +13: C:/Users/USER/Documents/RIDECONNECT SYSTEM APP/Rideconnect-system/test/motor_vehicle_trip_flow_test.dart: parses tracking response as assigned lifecycle snapshot
00:01 +14: C:/Users/USER/Documents/RIDECONNECT SYSTEM APP/Rideconnect-system/test/public_bus_card_test.dart: PublicBusCard shows display name, driver, and select action
00:01 +15: C:/Users/USER/Documents/RIDECONNECT SYSTEM APP/Rideconnect-system/test/public_bus_card_test.dart: PublicBusCard shows display name, driver, and select action
00:01 +16: C:/Users/USER/Documents/RIDECONNECT SYSTEM APP/Rideconnect-system/test/public_bus_card_test.dart: PublicBusCard shows display name, driver, and select action
00:01 +17: C:/Users/USER/Documents/RIDECONNECT SYSTEM APP/Rideconnect-system/test/public_bus_card_test.dart: PublicBusCard shows display name, driver, and select action
00:01 +18: C:/Users/USER/Documents/RIDECONNECT SYSTEM APP/Rideconnect-system/test/public_bus_card_test.dart: PublicBusCard shows display name, driver, and select action
00:02 +19: C:/Users/USER/Documents/RIDECONNECT SYSTEM APP/Rideconnect-system/test/public_bus_card_test.dart: PublicBusCard shows display name, driver, and select action
00:02 +20: C:/Users/USER/Documents/RIDECONNECT SYSTEM APP/Rideconnect-system/test/public_bus_card_test.dart: PublicBusCard shows display name, driver, and select action
00:02 +21: C:/Users/USER/Documents/RIDECONNECT SYSTEM APP/Rideconnect-system/test/public_bus_card_test.dart: PublicBusCard shows display name, driver, and select action
00:02 +22: C:/Users/USER/Documents/RIDECONNECT SYSTEM APP/Rideconnect-system/test/public_bus_card_test.dart: PublicBusCard shows display name, driver, and select action
00:02 +23: C:/Users/USER/Documents/RIDECONNECT SYSTEM APP/Rideconnect-system/test/public_bus_card_test.dart: PublicBusCard shows display name, driver, and select action
00:02 +24: C:/Users/USER/Documents/RIDECONNECT SYSTEM APP/Rideconnect-system/test/public_bus_card_test.dart: PublicBusCard shows display name, driver, and select action
00:02 +25: C:/Users/USER/Documents/RIDECONNECT SYSTEM APP/Rideconnect-system/test/public_bus_card_test.dart: PublicBusCard shows display name, driver, and select action
00:02 +26: C:/Users/USER/Documents/RIDECONNECT SYSTEM APP/Rideconnect-system/test/public_bus_card_test.dart: PublicBusCard shows display name, driver, and select action
00:02 +27: C:/Users/USER/Documents/RIDECONNECT SYSTEM APP/Rideconnect-system/test/public_bus_card_test.dart: PublicBusCard shows display name, driver, and select action
00:02 +27 -1: C:/Users/USER/Documents/RIDECONNECT SYSTEM APP/Rideconnect-system/test/public_bus_card_test.dart: PublicBusCard shows display name, driver, and select action
00:02 +27 -1: C:/Users/USER/Documents/RIDECONNECT SYSTEM APP/Rideconnect-system/test/services/driver_matching_service_test.dart: DriverMatchingService Response Models Driver filtering and sorting filters drivers by rating [E]
  type 'MockDio' is not a subtype of type 'Dio'
  test\services\driver_matching_service_test.dart 191:62  main.<fn>.<fn>.<fn>
  
00:02 +27 -2: C:/Users/USER/Documents/RIDECONNECT SYSTEM APP/Rideconnect-system/test/public_bus_card_test.dart: PublicBusCard shows display name, driver, and select action
00:02 +27 -2: C:/Users/USER/Documents/RIDECONNECT SYSTEM APP/Rideconnect-system/test/services/driver_matching_service_test.dart: DriverMatchingService Response Models Driver filtering and sorting sorts drivers by distance [E]
  type 'MockDio' is not a subtype of type 'Dio'
  test\services\driver_matching_service_test.dart 199:62  main.<fn>.<fn>.<fn>
  
00:02 +27 -3: C:/Users/USER/Documents/RIDECONNECT SYSTEM APP/Rideconnect-system/test/public_bus_card_test.dart: PublicBusCard shows display name, driver, and select action
00:02 +27 -3: C:/Users/USER/Documents/RIDECONNECT SYSTEM APP/Rideconnect-system/test/services/driver_matching_service_test.dart: DriverMatchingService Response Models Driver filtering and sorting sorts drivers by ETA [E]
  type 'MockDio' is not a subtype of type 'Dio'
  test\services\driver_matching_service_test.dart 208:62  main.<fn>.<fn>.<fn>
  
00:02 +27 -4: C:/Users/USER/Documents/RIDECONNECT SYSTEM APP/Rideconnect-system/test/public_bus_card_test.dart: PublicBusCard shows display name, driver, and select action
00:02 +27 -4: C:/Users/USER/Documents/RIDECONNECT SYSTEM APP/Rideconnect-system/test/services/driver_matching_service_test.dart: DriverMatchingService Response Models Driver filtering and sorting returns best driver by distance and rating [E]
  type 'MockDio' is not a subtype of type 'Dio'
  test\services\driver_matching_service_test.dart 217:62  main.<fn>.<fn>.<fn>
  
00:02 +27 -5: C:/Users/USER/Documents/RIDECONNECT SYSTEM APP/Rideconnect-system/test/public_bus_card_test.dart: PublicBusCard shows display name, driver, and select action
00:02 +27 -5: C:/Users/USER/Documents/RIDECONNECT SYSTEM APP/Rideconnect-system/test/services/driver_matching_service_test.dart: DriverMatchingService Response Models Driver filtering and sorting returns null for empty driver list [E]
  type 'MockDio' is not a subtype of type 'Dio'
  test\services\driver_matching_service_test.dart 225:62  main.<fn>.<fn>.<fn>
  
00:02 +28 -5: C:/Users/USER/Documents/RIDECONNECT SYSTEM APP/Rideconnect-system/test/public_bus_card_test.dart: PublicBusCard shows display name, driver, and select action
00:02 +29 -5: C:/Users/USER/Documents/RIDECONNECT SYSTEM APP/Rideconnect-system/test/public_bus_card_test.dart: PublicBusCard shows display name, driver, and select action
00:02 +30 -5: C:/Users/USER/Documents/RIDECONNECT SYSTEM APP/Rideconnect-system/test/public_bus_card_test.dart: PublicBusCard shows display name, driver, and select action
00:02 +31 -5: C:/Users/USER/Documents/RIDECONNECT SYSTEM APP/Rideconnect-system/test/public_bus_card_test.dart: PublicBusCard shows display name, driver, and select action
00:02 +32 -5: C:/Users/USER/Documents/RIDECONNECT SYSTEM APP/Rideconnect-system/test/public_bus_card_test.dart: PublicBusCard shows display name, driver, and select action
00:03 +33 -5: C:/Users/USER/Documents/RIDECONNECT SYSTEM APP/Rideconnect-system/test/public_bus_card_test.dart: PublicBusCard shows display name, driver, and select action
00:03 +34 -5: C:/Users/USER/Documents/RIDECONNECT SYSTEM APP/Rideconnect-system/test/public_bus_card_test.dart: PublicBusCard shows display name, driver, and select action
00:03 +35 -5: C:/Users/USER/Documents/RIDECONNECT SYSTEM APP/Rideconnect-system/test/public_bus_card_test.dart: PublicBusCard shows display name, driver, and select action
00:03 +36 -5: C:/Users/USER/Documents/RIDECONNECT SYSTEM APP/Rideconnect-system/test/public_bus_card_test.dart: PublicBusCard shows display name, driver, and select action
00:03 +37 -5: C:/Users/USER/Documents/RIDECONNECT SYSTEM APP/Rideconnect-system/test/public_bus_card_test.dart: PublicBusCard shows display name, driver, and select action
00:03 +38 -5: C:/Users/USER/Documents/RIDECONNECT SYSTEM APP/Rideconnect-system/test/public_bus_card_test.dart: PublicBusCard shows display name, driver, and select action
00:03 +39 -5: C:/Users/USER/Documents/RIDECONNECT SYSTEM APP/Rideconnect-system/test/public_bus_card_test.dart: PublicBusCard shows display name, driver, and select action
00:03 +40 -5: C:/Users/USER/Documents/RIDECONNECT SYSTEM APP/Rideconnect-system/test/public_bus_card_test.dart: PublicBusCard shows display name, driver, and select action
00:03 +41 -5: C:/Users/USER/Documents/RIDECONNECT SYSTEM APP/Rideconnect-system/test/public_bus_card_test.dart: PublicBusCard shows display name, driver, and select action
00:03 +42 -5: C:/Users/USER/Documents/RIDECONNECT SYSTEM APP/Rideconnect-system/test/public_bus_card_test.dart: PublicBusCard shows display name, driver, and select action
00:03 +43 -5: C:/Users/USER/Documents/RIDECONNECT SYSTEM APP/Rideconnect-system/test/public_bus_card_test.dart: PublicBusCard shows display name, driver, and select action
00:03 +44 -5: C:/Users/USER/Documents/RIDECONNECT SYSTEM APP/Rideconnect-system/test/public_bus_card_test.dart: PublicBusCard shows display name, driver, and select action
00:03 +45 -5: C:/Users/USER/Documents/RIDECONNECT SYSTEM APP/Rideconnect-system/test/public_bus_card_test.dart: PublicBusCard shows display name, driver, and select action
00:03 +46 -5: C:/Users/USER/Documents/RIDECONNECT SYSTEM APP/Rideconnect-system/test/public_bus_card_test.dart: PublicBusCard shows display name, driver, and select action
00:03 +47 -5: C:/Users/USER/Documents/RIDECONNECT SYSTEM APP/Rideconnect-system/test/public_bus_card_test.dart: PublicBusCard shows display name, driver, and select action
00:03 +48 -5: C:/Users/USER/Documents/RIDECONNECT SYSTEM APP/Rideconnect-system/test/public_bus_card_test.dart: PublicBusCard shows display name, driver, and select action
00:03 +49 -5: C:/Users/USER/Documents/RIDECONNECT SYSTEM APP/Rideconnect-system/test/public_bus_card_test.dart: PublicBusCard shows display name, driver, and select action
00:03 +50 -5: C:/Users/USER/Documents/RIDECONNECT SYSTEM APP/Rideconnect-system/test/public_bus_card_test.dart: PublicBusCard shows display name, driver, and select action
00:03 +51 -5: C:/Users/USER/Documents/RIDECONNECT SYSTEM APP/Rideconnect-system/test/public_bus_card_test.dart: PublicBusCard shows display name, driver, and select action
00:03 +52 -5: C:/Users/USER/Documents/RIDECONNECT SYSTEM APP/Rideconnect-system/test/public_bus_card_test.dart: PublicBusCard shows display name, driver, and select action
00:03 +53 -5: C:/Users/USER/Documents/RIDECONNECT SYSTEM APP/Rideconnect-system/test/public_bus_card_test.dart: PublicBusCard shows display name, driver, and select action
00:04 +54 -5: C:/Users/USER/Documents/RIDECONNECT SYSTEM APP/Rideconnect-system/test/public_bus_card_test.dart: PublicBusCard shows display name, driver, and select action
00:06 +54 -5: C:/Users/USER/Documents/RIDECONNECT SYSTEM APP/Rideconnect-system/test/public_bus_card_test.dart: PublicBusCard shows display name, driver, and select action - did not complete [E]
00:06 +54 -5: Some tests failed.
